// Jest Snapshot v1, https://goo.gl/fbAQLP

exports[`should render ExpenseListItem with the expense provided 1`] = `
<div>
  <[object Object]
    to="/edit/1"
  >
    <h3>
      Gum
    </h3>
  </[object Object]>
  <p>
    $ 1.95
    -
    31/Dec/1969
  </p>
</div>
`;
