// Jest Snapshot v1, https://goo.gl/fbAQLP

exports[`should render Header correctly 1`] = `
<header>
  <h1>
    Expensify
  </h1>
  <p>
    <[object Object]
      activeClassName="is-active"
      to="/dashboard"
    >
      Dashboard
    </[object Object]>
    <span>
       | 
    </span>
    <[object Object]
      activeClassName="is-active"
      to="/create"
    >
      Create
    </[object Object]>
    <button
      onClick={[Function]}
    >
      Logout
    </button>
  </p>
</header>
`;
